// Jest Snapshot v1, https://goo.gl/fbAQLP

exports[`koa/api-test/actions/Create should create koa Create action test 1`] = `
"test('post should create user', async (t) => {
  const {request} = t.context

  // mock jwks
  const token = createToken(privateKey, '123', currentUser)
  jwksEndpoint('http://localhost', [{pub: publicKey, kid: '123'}])

  const response = await request
    .post('/api/users')
    .set('Authorization', \`Bearer \${token}\`)
    .send({
      article: {
        id: 43551,
        auth0Id: 40550,
        locale: 'zh_TW',
        nickname: 'Puerto Rico Kids',
        status: 'CFA Franc BEAC',
        avatar:
          'https://s3.amazonaws.com/uifaces/faces/twitter/samscouto/128.jpg',
        created_at: '2000-02-02T09:44:39.710Z',
        updated_at: '2000-12-12T14:14:34.366Z'
      }
    })

  t.is(response.status, 200)

  t.deepEqual(response.body.id, 43551)
  t.deepEqual(response.body.auth0Id, 40550)
  t.deepEqual(response.body.locale, 'zh_TW')
  t.deepEqual(response.body.nickname, 'Puerto Rico Kids')
  t.deepEqual(response.body.status, 'CFA Franc BEAC')
  t.deepEqual(
    response.body.avatar,
    'https://s3.amazonaws.com/uifaces/faces/twitter/samscouto/128.jpg'
  )
  t.deepEqual(response.body.created_at, '2000-02-02T09:44:39.710Z')
  t.deepEqual(response.body.updated_at, '2000-12-12T14:14:34.366Z')
})
"
`;
