// Jest Snapshot v1, https://goo.gl/fbAQLP

exports[`koa/api-test/actions/Create should create koa Create action test 1`] = `
"test('post should create user', async (t) => {
  const {request} = t.context

  // mock jwks
  const token = createToken(privateKey, '123', currentUser)
  jwksEndpoint('http://localhost', [{pub: publicKey, kid: '123'}])

  const response = await request
    .post('/api/users')
    .set('Authorization', \`Bearer \${token}\`)
    .send({
      article: {
        id: 90001,
        auth0Id: 60926,
        locale: 'en_BORK',
        nickname: 'neural',
        status: 'magenta Personal Loan Account',
        avatar:
          'https://s3.amazonaws.com/uifaces/faces/twitter/koridhandy/128.jpg',
        created_at: '1970-05-03T17:39:05.087Z',
        updated_at: '1970-03-18T01:59:20.639Z'
      }
    })

  t.is(response.status, 200)

  t.deepEqual(response.body.id, 90001)
  t.deepEqual(response.body.auth0Id, 60926)
  t.deepEqual(response.body.locale, 'en_BORK')
  t.deepEqual(response.body.nickname, 'neural')
  t.deepEqual(response.body.status, 'magenta Personal Loan Account')
  t.deepEqual(
    response.body.avatar,
    'https://s3.amazonaws.com/uifaces/faces/twitter/koridhandy/128.jpg'
  )
  t.deepEqual(response.body.created_at, '1970-05-03T17:39:05.087Z')
  t.deepEqual(response.body.updated_at, '1970-03-18T01:59:20.639Z')
})
"
`;
