// Jest Snapshot v1, https://goo.gl/fbAQLP

exports[`koa/api-test/actions/Create should create koa Create action test 1`] = `
"test('post should create user', async (t) => {
  const {request} = t.context

  // mock jwks
  const token = createToken(privateKey, '123', currentUser)
  jwksEndpoint('http://localhost', [{pub: publicKey, kid: '123'}])

  const response = await request
    .post('/api/users')
    .set('Authorization', \`Bearer \${token}\`)
    .send({
      article: {
        id: 2,
        title: 'Awesome Redux',
        content: 'Hello World'
      }
    })

  t.is(response.status, 200)
  t.deepEqual(response.body.id, 2)
})
"
`;
