// Jest Snapshot v1, https://goo.gl/fbAQLP

exports[`koa/test/actions/Create should create koa Create action test 1`] = `
"test('post should create user', async (t) => {
  const {request, User} = t.context

  // mock jwks
  const token = createToken(privateKey, '123', currentUser)
  jwksEndpoint('http://localhost', [{pub: publicKey, kid: '123'}])

  const response = await request
    .post('/api/users')
    .set('Authorization', \`Bearer \${token}\`)
    .send({
      user: {
        id: 53297,
        locale: 'pt_BR',
        nickname: 'Mathew_Kunde22',
        status: 'Shirt 1080p rich',
        isAdmin: true,
        avatar:
          'https://s3.amazonaws.com/uifaces/faces/twitter/Silveredge9/128.jpg'
      }
    })

  t.is(response.status, 200)

  t.deepEqual(response.body.id, 53297)
  t.deepEqual(response.body.locale, 'pt_BR')
  t.deepEqual(response.body.nickname, 'Mathew_Kunde22')
  t.deepEqual(response.body.status, 'Shirt 1080p rich')
  t.deepEqual(response.body.isAdmin, true)
  t.deepEqual(
    response.body.avatar,
    'https://s3.amazonaws.com/uifaces/faces/twitter/Silveredge9/128.jpg'
  )
})
"
`;
