// Jest Snapshot v1, https://goo.gl/fbAQLP

exports[`koa/test/actions/Show should Show koa Show action test 1`] = `
"test('show should return user', async (t) => {
  const {request} = t.context

  // mock jwks
  const token = createToken(privateKey, '123', currentUser)
  jwksEndpoint('http://localhost', [{pub: publicKey, kid: '123'}])

  const response = await request
    .get('/api/users/92666')
    .set('Authorization', \`Bearer \${token}\`)

  t.is(response.status, 200)

  t.deepEqual(response.body.id, 92666)
  t.deepEqual(response.body.auth0Id, 'turquoise revolutionize override')
  t.deepEqual(response.body.locale, 'vi')
  t.deepEqual(response.body.nickname, 'Tiffany.Erdman')
  t.deepEqual(response.body.status, 'turquoise revolutionize override')
  t.deepEqual(
    response.body.avatar,
    'https://s3.amazonaws.com/uifaces/faces/twitter/reetajayendra/128.jpg'
  )
})
"
`;
