// Jest Snapshot v1, https://goo.gl/fbAQLP

exports[`koa/test/actions/Update should Update koa Update action test 1`] = `
"test('update should update user', async (t) => {
  const {request} = t.context

  // mock jwks
  const token = createToken(privateKey, '123', currentUser)
  jwksEndpoint('http://localhost', [{pub: publicKey, kid: '123'}])

  const response = await request
    .put('/api/users/92666')
    .set('Authorization', \`Bearer \${token}\`)
    .send({
      article: {
        id: 92666,
        auth0Id: '6b4d5350-a44a-467c-ae9d-5738e1efbaf2',
        locale: 'es',
        nickname: 'Georgette84',
        status: 'card copying',
        avatar:
          'https://s3.amazonaws.com/uifaces/faces/twitter/reabo101/128.jpg'
      }
    })

  t.is(response.status, 200)

  t.deepEqual(response.body.id, 92666)
  t.deepEqual(response.body.auth0Id, '6b4d5350-a44a-467c-ae9d-5738e1efbaf2')
  t.deepEqual(response.body.locale, 'es')
  t.deepEqual(response.body.nickname, 'Georgette84')
  t.deepEqual(response.body.status, 'card copying')
  t.deepEqual(
    response.body.avatar,
    'https://s3.amazonaws.com/uifaces/faces/twitter/reabo101/128.jpg'
  )
})
"
`;
