// Jest Snapshot v1, https://goo.gl/fbAQLP

exports[`koa/test/actions/Update should Update koa Update action test 1`] = `
"test('update should update user', async (t) => {
  const {request} = t.context

  // mock jwks
  const token = createToken(privateKey, '123', currentUser)
  jwksEndpoint('http://localhost', [{pub: publicKey, kid: '123'}])

  const response = await request
    .put('/api/users/37436')
    .set('Authorization', \`Bearer \${token}\`)
    .send({
      article: {
        id: 37436,
        auth0Id: 'static contingency proactive',
        locale: 'nb_NO',
        nickname: 'Elna.Gaylord',
        status: 'solid state COM',
        avatar:
          'https://s3.amazonaws.com/uifaces/faces/twitter/finchjke/128.jpg'
      }
    })

  t.is(response.status, 200)

  t.deepEqual(response.body.id, 37436)
  t.deepEqual(response.body.auth0Id, 'static contingency proactive')
  t.deepEqual(response.body.locale, 'nb_NO')
  t.deepEqual(response.body.nickname, 'Elna.Gaylord')
  t.deepEqual(response.body.status, 'solid state COM')
  t.deepEqual(
    response.body.avatar,
    'https://s3.amazonaws.com/uifaces/faces/twitter/finchjke/128.jpg'
  )
})
"
`;
