// Jest Snapshot v1, https://goo.gl/fbAQLP

exports[`axios/api/actions/All should create axios Api index action with channel 1`] = `
"export const index = () => {
  return request.get(\`/channels\`)
}
"
`;

exports[`axios/api/actions/All should create axios Api index action with comment 1`] = `
"export const index = (params) => {
  const {channelId} = params
  return request.get(\`/channels/\${channelId}/comments\`)
}
"
`;
