// Jest Snapshot v1, https://goo.gl/fbAQLP

exports[`koa/api/actions/All should create koa action 1`] = `
"article.get('/', async (ctx) => {
  const {Article} = ctx.state.models
  let params = {}

  /* mat Before index [start] */
  /* mat Before index [end] */

  let response = await Article.query()
    .applyFilter('default')
    .eager('[tags.articles]')
    .leftOuterJoinRelation('[tags]')
    .where(params)

  /* mat After index [start] */
  /* mat After index [end] */

  ctx.body = response
})
"
`;
