// Jest Snapshot v1, https://goo.gl/fbAQLP

exports[`koa/api/actions/All should create koa action 1`] = `
"article.get('/', async (ctx) => {
  const {Article} = ctx.state.models
  let params = {}

  /* mat Before index [start] */
  /* mat Before index [end] */

  ctx.body = await Article.query()
    .eager('[tags]')
    .joinRelation('[tags]')
    .where(params)
})
"
`;
