// Jest Snapshot v1, https://goo.gl/fbAQLP

exports[`koa/api/actions/Create should create koa action 1`] = `
"user.post('/', async (ctx) => {
  const {User} = ctx.state.models
  const {user} = ctx.request.body

  let params = {}

  /* mat Before create [start] */
  /* mat Before create [end] */

  let response = await User.query()
    .insert({
      ...user,
      ...params
    })
    .eager('')

  /* mat After create [start] */
  /* mat After create [end] */

  ctx.body = response
})
"
`;
