// Jest Snapshot v1, https://goo.gl/fbAQLP

exports[`koa/api/actions/Destroy should Destroy koa action 1`] = `
"user.delete('/:id', auth, async (ctx) => {
  const {User} = ctx.state.models
  let params = {id: ctx.params.id}

  /* mat Before destroy [start] */
  /* mat Before destroy [end] */

  await User.query()
    .delete()
    .where(params)
  ctx.body = null
})
"
`;
