// Jest Snapshot v1, https://goo.gl/fbAQLP

exports[`axios/api/Route should create axios Route with channel 1`] = `
"import _ from 'lodash'
import request from 'src/utils/request'
import {normalize} from 'normalizr'
import {channel, channelList} from 'src/utils/schema'

export const index = () => {
  return request.get(\`/channels\`)
}

export const show = (id) => {
  return request.get(\`/channels/\${id}\`)
}

export const create = (params) => {
  return request.post(\`/channels\`, {
    channel: params
  })
}

/* mat Custom action [start] */
/* mat Custom action [end] */

let actions = {
  index,
  show,
  create
}

/* mat Custom exports [start] */
/* mat Custom exports [end] */

export default actions
"
`;

exports[`axios/api/index should create axios Api index 1`] = `
"import channel from './channel'
import comment from './comment'
import attachment from './attachment'
import user from './user'

export default {
  channel,
  comment,
  attachment,
  user
}
"
`;
